[technext.github.io/devfolio2/index.html]
[backblue.gif]
[fade.gif]
[index.html]
[technext.github.io/devfolio2/img/favicon.ico]
[stackpath.bootstrapcdn.com/bootstrap/4.4.1/css/bootstrap.min.css]
[cdnjs.cloudflare.com/ajax/libs/font-awesome/5.10.0/css/all.min.css]
[technext.github.io/devfolio2/lib/animate/animate.min.css]
[technext.github.io/devfolio2/lib/owlcarousel/assets/owl.carousel.min.css]
[technext.github.io/devfolio2/lib/lightbox/css/lightbox.min.css]
[technext.github.io/devfolio2/css/style.css]
[technext.github.io/devfolio2/img/hero.png]
[technext.github.io/devfolio2/img/about.jpg]
[technext.github.io/devfolio2/img/portfolio-1.jpg]
[technext.github.io/devfolio2/img/portfolio-2.jpg]
[technext.github.io/devfolio2/img/portfolio-3.jpg]
[technext.github.io/devfolio2/img/portfolio-4.jpg]
[technext.github.io/devfolio2/img/portfolio-5.jpg]
[technext.github.io/devfolio2/img/portfolio-6.jpg]
[technext.github.io/devfolio2/img/testimonial-1.jpg]
[technext.github.io/devfolio2/img/testimonial-2.jpg]
[technext.github.io/devfolio2/img/testimonial-3.jpg]
[technext.github.io/devfolio2/img/team-1.jpg]
[technext.github.io/devfolio2/img/team-2.jpg]
[technext.github.io/devfolio2/img/team-3.jpg]
[technext.github.io/devfolio2/img/team-4.jpg]
[technext.github.io/devfolio2/img/blog-1.jpg]
[technext.github.io/devfolio2/img/blog-2.jpg]
[code.jquery.com/jquery-3.4.1.min.js]
[stackpath.bootstrapcdn.com/bootstrap/4.4.1/js/bootstrap.bundle.min.js]
[technext.github.io/devfolio2/lib/easing/easing.min.js]
[technext.github.io/devfolio2/lib/wow/wow.min.js]
[technext.github.io/devfolio2/lib/waypoints/waypoints.min.js]
[technext.github.io/devfolio2/lib/typed/typed.min.js]
[technext.github.io/devfolio2/lib/owlcarousel/owl.carousel.min.js]
[technext.github.io/devfolio2/lib/isotope/isotope.pkgd.min.js]
[technext.github.io/devfolio2/lib/lightbox/js/lightbox.min.js]
[technext.github.io/devfolio2/mail/jqBootstrapValidation.min.js]
[technext.github.io/devfolio2/mail/contact.js]
[technext.github.io/devfolio2/js/main.js]
[technext.github.io/devfolio2/index.html]
[technext.github.io/devfolio2/img/favicon.html]
[stackpath.bootstrapcdn.com/bootstrap/4.4.1/css/bootstrap.min.css]
[cdnjs.cloudflare.com/ajax/libs/font-awesome/5.10.0/css/all.min.css]
[technext.github.io/devfolio2/lib/animate/animate.min.css]
[technext.github.io/devfolio2/lib/owlcarousel/assets/owl.video.play.png]
[technext.github.io/devfolio2/lib/owlcarousel/assets/owl.carousel.min.css]
[technext.github.io/devfolio2/lib/lightbox/images/loading.gif]
[technext.github.io/devfolio2/lib/lightbox/css/lightbox.min.css]
[technext.github.io/devfolio2/img/hero-bg.jpg]
[technext.github.io/devfolio2/img/contact.jpg]
[technext.github.io/devfolio2/css/style.css]
